Archive member included to satisfy reference by file (symbol)

c:/program files (x86)/atollic/truestudio for stm32 9.3.0/armtools/bin/../lib/gcc/arm-atollic-eabi/6.3.1/../../../../arm-atollic-eabi/lib/armv6-m\libc_nano.a(lib_a-init.o)
                              src\startup_stm32f071xb.o (__libc_init_array)
c:/program files (x86)/atollic/truestudio for stm32 9.3.0/armtools/bin/../lib/gcc/arm-atollic-eabi/6.3.1/armv6-m\libgcc.a(_udivsi3.o)
                              src\main.o (__aeabi_uidiv)
c:/program files (x86)/atollic/truestudio for stm32 9.3.0/armtools/bin/../lib/gcc/arm-atollic-eabi/6.3.1/armv6-m\libgcc.a(_dvmd_tls.o)
                              c:/program files (x86)/atollic/truestudio for stm32 9.3.0/armtools/bin/../lib/gcc/arm-atollic-eabi/6.3.1/armv6-m\libgcc.a(_udivsi3.o) (__aeabi_idiv0)

Discarded input sections

 .text          0x00000000        0x0 c:/program files (x86)/atollic/truestudio for stm32 9.3.0/armtools/bin/../lib/gcc/arm-atollic-eabi/6.3.1/armv6-m/crti.o
 .data          0x00000000        0x0 c:/program files (x86)/atollic/truestudio for stm32 9.3.0/armtools/bin/../lib/gcc/arm-atollic-eabi/6.3.1/armv6-m/crti.o
 .bss           0x00000000        0x0 c:/program files (x86)/atollic/truestudio for stm32 9.3.0/armtools/bin/../lib/gcc/arm-atollic-eabi/6.3.1/armv6-m/crti.o
 .data          0x00000000        0x4 c:/program files (x86)/atollic/truestudio for stm32 9.3.0/armtools/bin/../lib/gcc/arm-atollic-eabi/6.3.1/armv6-m/crtbegin.o
 .text          0x00000000        0x0 src\main.o
 .data          0x00000000        0x0 src\main.o
 .bss           0x00000000        0x0 src\main.o
 .text          0x00000000       0x14 src\startup_stm32f071xb.o
 .data          0x00000000        0x0 src\startup_stm32f071xb.o
 .bss           0x00000000        0x0 src\startup_stm32f071xb.o
 .text          0x00000000        0x0 src\system_stm32f0xx.o
 .data          0x00000000        0x0 src\system_stm32f0xx.o
 .bss           0x00000000        0x0 src\system_stm32f0xx.o
 .data.SystemCoreClock
                0x00000000        0x4 src\system_stm32f0xx.o
 .rodata.AHBPrescTable
                0x00000000       0x10 src\system_stm32f0xx.o
 .rodata.APBPrescTable
                0x00000000        0x8 src\system_stm32f0xx.o
 .text.SystemCoreClockUpdate
                0x00000000       0xdc src\system_stm32f0xx.o
 .text          0x00000000        0x0 c:/program files (x86)/atollic/truestudio for stm32 9.3.0/armtools/bin/../lib/gcc/arm-atollic-eabi/6.3.1/../../../../arm-atollic-eabi/lib/armv6-m\libc_nano.a(lib_a-init.o)
 .data          0x00000000        0x0 c:/program files (x86)/atollic/truestudio for stm32 9.3.0/armtools/bin/../lib/gcc/arm-atollic-eabi/6.3.1/../../../../arm-atollic-eabi/lib/armv6-m\libc_nano.a(lib_a-init.o)
 .bss           0x00000000        0x0 c:/program files (x86)/atollic/truestudio for stm32 9.3.0/armtools/bin/../lib/gcc/arm-atollic-eabi/6.3.1/../../../../arm-atollic-eabi/lib/armv6-m\libc_nano.a(lib_a-init.o)
 .data          0x00000000        0x0 c:/program files (x86)/atollic/truestudio for stm32 9.3.0/armtools/bin/../lib/gcc/arm-atollic-eabi/6.3.1/armv6-m\libgcc.a(_udivsi3.o)
 .bss           0x00000000        0x0 c:/program files (x86)/atollic/truestudio for stm32 9.3.0/armtools/bin/../lib/gcc/arm-atollic-eabi/6.3.1/armv6-m\libgcc.a(_udivsi3.o)
 .data          0x00000000        0x0 c:/program files (x86)/atollic/truestudio for stm32 9.3.0/armtools/bin/../lib/gcc/arm-atollic-eabi/6.3.1/armv6-m\libgcc.a(_dvmd_tls.o)
 .bss           0x00000000        0x0 c:/program files (x86)/atollic/truestudio for stm32 9.3.0/armtools/bin/../lib/gcc/arm-atollic-eabi/6.3.1/armv6-m\libgcc.a(_dvmd_tls.o)
 .text          0x00000000        0x0 c:/program files (x86)/atollic/truestudio for stm32 9.3.0/armtools/bin/../lib/gcc/arm-atollic-eabi/6.3.1/armv6-m/crtend.o
 .data          0x00000000        0x0 c:/program files (x86)/atollic/truestudio for stm32 9.3.0/armtools/bin/../lib/gcc/arm-atollic-eabi/6.3.1/armv6-m/crtend.o
 .bss           0x00000000        0x0 c:/program files (x86)/atollic/truestudio for stm32 9.3.0/armtools/bin/../lib/gcc/arm-atollic-eabi/6.3.1/armv6-m/crtend.o
 .eh_frame      0x00000000        0x4 c:/program files (x86)/atollic/truestudio for stm32 9.3.0/armtools/bin/../lib/gcc/arm-atollic-eabi/6.3.1/armv6-m/crtend.o
 .ARM.attributes
                0x00000000       0x2c c:/program files (x86)/atollic/truestudio for stm32 9.3.0/armtools/bin/../lib/gcc/arm-atollic-eabi/6.3.1/armv6-m/crtend.o
 .text          0x00000000        0x0 c:/program files (x86)/atollic/truestudio for stm32 9.3.0/armtools/bin/../lib/gcc/arm-atollic-eabi/6.3.1/armv6-m/crtn.o
 .data          0x00000000        0x0 c:/program files (x86)/atollic/truestudio for stm32 9.3.0/armtools/bin/../lib/gcc/arm-atollic-eabi/6.3.1/armv6-m/crtn.o
 .bss           0x00000000        0x0 c:/program files (x86)/atollic/truestudio for stm32 9.3.0/armtools/bin/../lib/gcc/arm-atollic-eabi/6.3.1/armv6-m/crtn.o

Memory Configuration

Name             Origin             Length             Attributes
FLASH            0x08000000         0x00020000         xr
RAM              0x20000000         0x00004000         xrw
MEMORY_B1        0x60000000         0x00000000         xr
*default*        0x00000000         0xffffffff

Linker script and memory map

LOAD c:/program files (x86)/atollic/truestudio for stm32 9.3.0/armtools/bin/../lib/gcc/arm-atollic-eabi/6.3.1/armv6-m/crti.o
LOAD c:/program files (x86)/atollic/truestudio for stm32 9.3.0/armtools/bin/../lib/gcc/arm-atollic-eabi/6.3.1/armv6-m/crtbegin.o
LOAD src\main.o
LOAD src\startup_stm32f071xb.o
LOAD src\system_stm32f0xx.o
                0x00000080                malloc_getpagesize_P = 0x80
START GROUP
LOAD c:/program files (x86)/atollic/truestudio for stm32 9.3.0/armtools/bin/../lib/gcc/arm-atollic-eabi/6.3.1/../../../../arm-atollic-eabi/lib/armv6-m\libc_nano.a
LOAD c:/program files (x86)/atollic/truestudio for stm32 9.3.0/armtools/bin/../lib/gcc/arm-atollic-eabi/6.3.1/../../../../arm-atollic-eabi/lib/armv6-m\libm.a
END GROUP
START GROUP
LOAD c:/program files (x86)/atollic/truestudio for stm32 9.3.0/armtools/bin/../lib/gcc/arm-atollic-eabi/6.3.1/armv6-m\libgcc.a
LOAD c:/program files (x86)/atollic/truestudio for stm32 9.3.0/armtools/bin/../lib/gcc/arm-atollic-eabi/6.3.1/../../../../arm-atollic-eabi/lib/armv6-m\libc_nano.a
END GROUP
START GROUP
LOAD c:/program files (x86)/atollic/truestudio for stm32 9.3.0/armtools/bin/../lib/gcc/arm-atollic-eabi/6.3.1/armv6-m\libgcc.a
LOAD c:/program files (x86)/atollic/truestudio for stm32 9.3.0/armtools/bin/../lib/gcc/arm-atollic-eabi/6.3.1/../../../../arm-atollic-eabi/lib/armv6-m\libc_nano.a
LOAD c:/program files (x86)/atollic/truestudio for stm32 9.3.0/armtools/bin/../lib/gcc/arm-atollic-eabi/6.3.1/../../../../arm-atollic-eabi/lib/armv6-m\libnosys.a
END GROUP
START GROUP
LOAD c:/program files (x86)/atollic/truestudio for stm32 9.3.0/armtools/bin/../lib/gcc/arm-atollic-eabi/6.3.1/armv6-m\libgcc.a
LOAD c:/program files (x86)/atollic/truestudio for stm32 9.3.0/armtools/bin/../lib/gcc/arm-atollic-eabi/6.3.1/../../../../arm-atollic-eabi/lib/armv6-m\libc_nano.a
LOAD c:/program files (x86)/atollic/truestudio for stm32 9.3.0/armtools/bin/../lib/gcc/arm-atollic-eabi/6.3.1/../../../../arm-atollic-eabi/lib/armv6-m\libnosys.a
END GROUP
LOAD c:/program files (x86)/atollic/truestudio for stm32 9.3.0/armtools/bin/../lib/gcc/arm-atollic-eabi/6.3.1/armv6-m/crtend.o
LOAD c:/program files (x86)/atollic/truestudio for stm32 9.3.0/armtools/bin/../lib/gcc/arm-atollic-eabi/6.3.1/armv6-m/crtn.o
                0x20004000                _estack = 0x20004000
                0x00000000                _Min_Heap_Size = 0x0
                0x00000080                _Min_Stack_Size = 0x80

.isr_vector     0x08000000       0xc0
                0x08000000                . = ALIGN (0x4)
 *(.isr_vector)
 .isr_vector    0x08000000       0xc0 src\startup_stm32f071xb.o
                0x08000000                g_pfnVectors
                0x080000c0                . = ALIGN (0x4)

.text           0x080000c0      0x4ac
                0x080000c0                . = ALIGN (0x4)
 *(.text)
 .text          0x080000c0       0x48 c:/program files (x86)/atollic/truestudio for stm32 9.3.0/armtools/bin/../lib/gcc/arm-atollic-eabi/6.3.1/armv6-m/crtbegin.o
 .text          0x08000108      0x114 c:/program files (x86)/atollic/truestudio for stm32 9.3.0/armtools/bin/../lib/gcc/arm-atollic-eabi/6.3.1/armv6-m\libgcc.a(_udivsi3.o)
                0x08000108                __aeabi_uidiv
                0x08000108                __udivsi3
                0x08000214                __aeabi_uidivmod
 .text          0x0800021c        0x4 c:/program files (x86)/atollic/truestudio for stm32 9.3.0/armtools/bin/../lib/gcc/arm-atollic-eabi/6.3.1/armv6-m\libgcc.a(_dvmd_tls.o)
                0x0800021c                __aeabi_idiv0
                0x0800021c                __aeabi_ldiv0
 *(.text*)
 .text.configADC
                0x08000220       0xb0 src\main.o
                0x08000220                configADC
 .text.lerTensao
                0x080002d0       0x5c src\main.o
                0x080002d0                lerTensao
 .text.botaoApertado
                0x0800032c       0x80 src\main.o
                0x0800032c                botaoApertado
 .text.ExibeBotao
                0x080003ac       0x74 src\main.o
                0x080003ac                ExibeBotao
 .text.main     0x08000420        0xe src\main.o
                0x08000420                main
 *fill*         0x0800042e        0x2 
 .text.Reset_Handler
                0x08000430       0x50 src\startup_stm32f071xb.o
                0x08000430                Reset_Handler
 .text.Default_Handler
                0x08000480        0x2 src\startup_stm32f071xb.o
                0x08000480                TIM1_CC_IRQHandler
                0x08000480                TSC_IRQHandler
                0x08000480                HardFault_Handler
                0x08000480                ADC1_COMP_IRQHandler
                0x08000480                SysTick_Handler
                0x08000480                PendSV_Handler
                0x08000480                NMI_Handler
                0x08000480                I2C1_IRQHandler
                0x08000480                RCC_CRS_IRQHandler
                0x08000480                SPI1_IRQHandler
                0x08000480                TIM6_DAC_IRQHandler
                0x08000480                USART3_4_IRQHandler
                0x08000480                EXTI2_3_IRQHandler
                0x08000480                I2C2_IRQHandler
                0x08000480                TIM17_IRQHandler
                0x08000480                CEC_CAN_IRQHandler
                0x08000480                RTC_IRQHandler
                0x08000480                PVD_VDDIO2_IRQHandler
                0x08000480                DMA1_Channel4_5_6_7_IRQHandler
                0x08000480                TIM16_IRQHandler
                0x08000480                TIM3_IRQHandler
                0x08000480                EXTI4_15_IRQHandler
                0x08000480                DMA1_Channel1_IRQHandler
                0x08000480                Default_Handler
                0x08000480                TIM14_IRQHandler
                0x08000480                TIM7_IRQHandler
                0x08000480                TIM15_IRQHandler
                0x08000480                EXTI0_1_IRQHandler
                0x08000480                SPI2_IRQHandler
                0x08000480                SVC_Handler
                0x08000480                WWDG_IRQHandler
                0x08000480                TIM2_IRQHandler
                0x08000480                DMA1_Channel2_3_IRQHandler
                0x08000480                USART2_IRQHandler
                0x08000480                FLASH_IRQHandler
                0x08000480                USART1_IRQHandler
                0x08000480                TIM1_BRK_UP_TRG_COM_IRQHandler
 *fill*         0x08000482        0x2 
 .text.SystemInit
                0x08000484       0x88 src\system_stm32f0xx.o
                0x08000484                SystemInit
 .text.__libc_init_array
                0x0800050c       0x48 c:/program files (x86)/atollic/truestudio for stm32 9.3.0/armtools/bin/../lib/gcc/arm-atollic-eabi/6.3.1/../../../../arm-atollic-eabi/lib/armv6-m\libc_nano.a(lib_a-init.o)
                0x0800050c                __libc_init_array
 *(.glue_7)
 .glue_7        0x08000554        0x0 linker stubs
 *(.glue_7t)
 .glue_7t       0x08000554        0x0 linker stubs
 *(.eh_frame)
 .eh_frame      0x08000554        0x0 c:/program files (x86)/atollic/truestudio for stm32 9.3.0/armtools/bin/../lib/gcc/arm-atollic-eabi/6.3.1/armv6-m/crtbegin.o
 *(.init)
 .init          0x08000554        0x4 c:/program files (x86)/atollic/truestudio for stm32 9.3.0/armtools/bin/../lib/gcc/arm-atollic-eabi/6.3.1/armv6-m/crti.o
                0x08000554                _init
 .init          0x08000558        0x8 c:/program files (x86)/atollic/truestudio for stm32 9.3.0/armtools/bin/../lib/gcc/arm-atollic-eabi/6.3.1/armv6-m/crtn.o
 *(.fini)
 .fini          0x08000560        0x4 c:/program files (x86)/atollic/truestudio for stm32 9.3.0/armtools/bin/../lib/gcc/arm-atollic-eabi/6.3.1/armv6-m/crti.o
                0x08000560                _fini
 .fini          0x08000564        0x8 c:/program files (x86)/atollic/truestudio for stm32 9.3.0/armtools/bin/../lib/gcc/arm-atollic-eabi/6.3.1/armv6-m/crtn.o
                0x0800056c                . = ALIGN (0x4)
                0x0800056c                _etext = .

.vfp11_veneer   0x0800056c        0x0
 .vfp11_veneer  0x0800056c        0x0 linker stubs

.v4_bx          0x0800056c        0x0
 .v4_bx         0x0800056c        0x0 linker stubs

.iplt           0x0800056c        0x0
 .iplt          0x0800056c        0x0 c:/program files (x86)/atollic/truestudio for stm32 9.3.0/armtools/bin/../lib/gcc/arm-atollic-eabi/6.3.1/armv6-m/crtbegin.o

.rodata         0x0800056c       0x34
                0x0800056c                . = ALIGN (0x4)
 *(.rodata)
 .rodata        0x0800056c       0x31 src\main.o
 *(.rodata*)
                0x080005a0                . = ALIGN (0x4)
 *fill*         0x0800059d        0x3 

.rel.dyn        0x080005a0        0x0
 .rel.iplt      0x080005a0        0x0 c:/program files (x86)/atollic/truestudio for stm32 9.3.0/armtools/bin/../lib/gcc/arm-atollic-eabi/6.3.1/armv6-m/crtbegin.o

.ARM.extab
 *(.ARM.extab* .gnu.linkonce.armextab.*)

.ARM            0x080005a0        0x0
                0x080005a0                __exidx_start = .
 *(.ARM.exidx*)
                0x080005a0                __exidx_end = .

.preinit_array  0x080005a0        0x0
                0x080005a0                PROVIDE (__preinit_array_start, .)
 *(.preinit_array*)
                0x080005a0                PROVIDE (__preinit_array_end, .)

.init_array     0x080005a0        0x4
                0x080005a0                PROVIDE (__init_array_start, .)
 *(SORT(.init_array.*))
 *(.init_array*)
 .init_array    0x080005a0        0x4 c:/program files (x86)/atollic/truestudio for stm32 9.3.0/armtools/bin/../lib/gcc/arm-atollic-eabi/6.3.1/armv6-m/crtbegin.o
                0x080005a4                PROVIDE (__init_array_end, .)

.fini_array     0x080005a4        0x4
                [!provide]                PROVIDE (__fini_array_start, .)
 *(SORT(.fini_array.*))
 *(.fini_array*)
 .fini_array    0x080005a4        0x4 c:/program files (x86)/atollic/truestudio for stm32 9.3.0/armtools/bin/../lib/gcc/arm-atollic-eabi/6.3.1/armv6-m/crtbegin.o
                [!provide]                PROVIDE (__fini_array_end, .)
                0x080005a8                _sidata = LOADADDR (.data)

.data           0x20000000        0x0 load address 0x080005a8
                0x20000000                . = ALIGN (0x4)
                0x20000000                _sdata = .
 *(.data)
 *(.data*)
                0x20000000                . = ALIGN (0x4)
                0x20000000                _edata = .

.igot.plt       0x20000000        0x0 load address 0x080005a8
 .igot.plt      0x20000000        0x0 c:/program files (x86)/atollic/truestudio for stm32 9.3.0/armtools/bin/../lib/gcc/arm-atollic-eabi/6.3.1/armv6-m/crtbegin.o
                0x20000000                . = ALIGN (0x4)

.bss            0x20000000       0x20 load address 0x080005a8
                0x20000000                _sbss = .
                0x20000000                __bss_start__ = _sbss
 *(.bss)
 .bss           0x20000000       0x1c c:/program files (x86)/atollic/truestudio for stm32 9.3.0/armtools/bin/../lib/gcc/arm-atollic-eabi/6.3.1/armv6-m/crtbegin.o
 *(.bss*)
 .bss.valor_novo.4696
                0x2000001c        0x1 src\main.o
 .bss.valor_ant.4695
                0x2000001d        0x1 src\main.o
 *(COMMON)
                0x20000020                . = ALIGN (0x4)
 *fill*         0x2000001e        0x2 
                0x20000020                _ebss = .
                0x20000020                __bss_end__ = _ebss

._user_heap_stack
                0x20000020       0x80 load address 0x080005a8
                0x20000020                . = ALIGN (0x4)
                [!provide]                PROVIDE (end, .)
                [!provide]                PROVIDE (_end, .)
                0x20000020                . = (. + _Min_Heap_Size)
                0x200000a0                . = (. + _Min_Stack_Size)
 *fill*         0x20000020       0x80 
                0x200000a0                . = ALIGN (0x4)

.memory_b1_text
 *(.mb1text)
 *(.mb1text*)
 *(.mb1rodata)
 *(.mb1rodata*)

/DISCARD/
 libc.a(*)
 libm.a(*)
 libgcc.a(*)

.ARM.attributes
                0x00000000       0x28
 *(.ARM.attributes)
 .ARM.attributes
                0x00000000       0x1e c:/program files (x86)/atollic/truestudio for stm32 9.3.0/armtools/bin/../lib/gcc/arm-atollic-eabi/6.3.1/armv6-m/crti.o
 .ARM.attributes
                0x0000001e       0x2c c:/program files (x86)/atollic/truestudio for stm32 9.3.0/armtools/bin/../lib/gcc/arm-atollic-eabi/6.3.1/armv6-m/crtbegin.o
 .ARM.attributes
                0x0000004a       0x31 src\main.o
 .ARM.attributes
                0x0000007b       0x21 src\startup_stm32f071xb.o
 .ARM.attributes
                0x0000009c       0x31 src\system_stm32f0xx.o
 .ARM.attributes
                0x000000cd       0x2c c:/program files (x86)/atollic/truestudio for stm32 9.3.0/armtools/bin/../lib/gcc/arm-atollic-eabi/6.3.1/../../../../arm-atollic-eabi/lib/armv6-m\libc_nano.a(lib_a-init.o)
 .ARM.attributes
                0x000000f9       0x1e c:/program files (x86)/atollic/truestudio for stm32 9.3.0/armtools/bin/../lib/gcc/arm-atollic-eabi/6.3.1/armv6-m\libgcc.a(_udivsi3.o)
 .ARM.attributes
                0x00000117       0x1e c:/program files (x86)/atollic/truestudio for stm32 9.3.0/armtools/bin/../lib/gcc/arm-atollic-eabi/6.3.1/armv6-m\libgcc.a(_dvmd_tls.o)
 .ARM.attributes
                0x00000135       0x1e c:/program files (x86)/atollic/truestudio for stm32 9.3.0/armtools/bin/../lib/gcc/arm-atollic-eabi/6.3.1/armv6-m/crtn.o
OUTPUT(n_ex1.elf elf32-littlearm)

.debug_info     0x00000000      0x6ab
 .debug_info    0x00000000      0x3ed src\main.o
 .debug_info    0x000003ed       0x74 src\startup_stm32f071xb.o
 .debug_info    0x00000461      0x24a src\system_stm32f0xx.o

.debug_abbrev   0x00000000      0x24b
 .debug_abbrev  0x00000000      0x13c src\main.o
 .debug_abbrev  0x0000013c       0x12 src\startup_stm32f071xb.o
 .debug_abbrev  0x0000014e       0xfd src\system_stm32f0xx.o

.debug_aranges  0x00000000       0x90
 .debug_aranges
                0x00000000       0x40 src\main.o
 .debug_aranges
                0x00000040       0x28 src\startup_stm32f071xb.o
 .debug_aranges
                0x00000068       0x28 src\system_stm32f0xx.o

.debug_ranges   0x00000000       0x68
 .debug_ranges  0x00000000       0x30 src\main.o
 .debug_ranges  0x00000030       0x20 src\startup_stm32f071xb.o
 .debug_ranges  0x00000050       0x18 src\system_stm32f0xx.o

.debug_line     0x00000000      0x43f
 .debug_line    0x00000000      0x208 src\main.o
 .debug_line    0x00000208       0x7f src\startup_stm32f071xb.o
 .debug_line    0x00000287      0x1b8 src\system_stm32f0xx.o

.debug_str      0x00000000      0x303
 .debug_str     0x00000000      0x2a9 src\main.o
                                0x2f7 (size before relaxing)
 .debug_str     0x000002a9       0x5a src\system_stm32f0xx.o
                                0x263 (size before relaxing)

.comment        0x00000000       0x7c
 .comment       0x00000000       0x7c src\main.o
                                 0x7d (size before relaxing)
 .comment       0x0000007c       0x7d src\system_stm32f0xx.o

.debug_frame    0x00000000      0x13c
 .debug_frame   0x00000000       0xa4 src\main.o
 .debug_frame   0x000000a4       0x4c src\system_stm32f0xx.o
 .debug_frame   0x000000f0       0x2c c:/program files (x86)/atollic/truestudio for stm32 9.3.0/armtools/bin/../lib/gcc/arm-atollic-eabi/6.3.1/../../../../arm-atollic-eabi/lib/armv6-m\libc_nano.a(lib_a-init.o)
 .debug_frame   0x0000011c       0x20 c:/program files (x86)/atollic/truestudio for stm32 9.3.0/armtools/bin/../lib/gcc/arm-atollic-eabi/6.3.1/armv6-m\libgcc.a(_udivsi3.o)

Cross Reference Table

Symbol                                            File
ADC1_COMP_IRQHandler                              src\startup_stm32f071xb.o
AHBPrescTable                                     src\system_stm32f0xx.o
APBPrescTable                                     src\system_stm32f0xx.o
CEC_CAN_IRQHandler                                src\startup_stm32f071xb.o
DMA1_Channel1_IRQHandler                          src\startup_stm32f071xb.o
DMA1_Channel2_3_IRQHandler                        src\startup_stm32f071xb.o
DMA1_Channel4_5_6_7_IRQHandler                    src\startup_stm32f071xb.o
Default_Handler                                   src\startup_stm32f071xb.o
EXTI0_1_IRQHandler                                src\startup_stm32f071xb.o
EXTI2_3_IRQHandler                                src\startup_stm32f071xb.o
EXTI4_15_IRQHandler                               src\startup_stm32f071xb.o
Escreve_Serial                                    src\main.o
ExibeBotao                                        src\main.o
FLASH_IRQHandler                                  src\startup_stm32f071xb.o
HardFault_Handler                                 src\startup_stm32f071xb.o
I2C1_IRQHandler                                   src\startup_stm32f071xb.o
I2C2_IRQHandler                                   src\startup_stm32f071xb.o
NMI_Handler                                       src\startup_stm32f071xb.o
PVD_VDDIO2_IRQHandler                             src\startup_stm32f071xb.o
PendSV_Handler                                    src\startup_stm32f071xb.o
RCC_CRS_IRQHandler                                src\startup_stm32f071xb.o
RTC_IRQHandler                                    src\startup_stm32f071xb.o
Reset_Handler                                     src\startup_stm32f071xb.o
SPI1_IRQHandler                                   src\startup_stm32f071xb.o
SPI2_IRQHandler                                   src\startup_stm32f071xb.o
SVC_Handler                                       src\startup_stm32f071xb.o
SysTick_Handler                                   src\startup_stm32f071xb.o
SystemCoreClock                                   src\system_stm32f0xx.o
SystemCoreClockUpdate                             src\system_stm32f0xx.o
SystemInit                                        src\system_stm32f0xx.o
                                                  src\startup_stm32f071xb.o
TIM14_IRQHandler                                  src\startup_stm32f071xb.o
TIM15_IRQHandler                                  src\startup_stm32f071xb.o
TIM16_IRQHandler                                  src\startup_stm32f071xb.o
TIM17_IRQHandler                                  src\startup_stm32f071xb.o
TIM1_BRK_UP_TRG_COM_IRQHandler                    src\startup_stm32f071xb.o
TIM1_CC_IRQHandler                                src\startup_stm32f071xb.o
TIM2_IRQHandler                                   src\startup_stm32f071xb.o
TIM3_IRQHandler                                   src\startup_stm32f071xb.o
TIM6_DAC_IRQHandler                               src\startup_stm32f071xb.o
TIM7_IRQHandler                                   src\startup_stm32f071xb.o
TSC_IRQHandler                                    src\startup_stm32f071xb.o
USART1_IRQHandler                                 src\startup_stm32f071xb.o
USART2_IRQHandler                                 src\startup_stm32f071xb.o
USART3_4_IRQHandler                               src\startup_stm32f071xb.o
WWDG_IRQHandler                                   src\startup_stm32f071xb.o
__aeabi_idiv0                                     c:/program files (x86)/atollic/truestudio for stm32 9.3.0/armtools/bin/../lib/gcc/arm-atollic-eabi/6.3.1/armv6-m\libgcc.a(_dvmd_tls.o)
                                                  c:/program files (x86)/atollic/truestudio for stm32 9.3.0/armtools/bin/../lib/gcc/arm-atollic-eabi/6.3.1/armv6-m\libgcc.a(_udivsi3.o)
__aeabi_ldiv0                                     c:/program files (x86)/atollic/truestudio for stm32 9.3.0/armtools/bin/../lib/gcc/arm-atollic-eabi/6.3.1/armv6-m\libgcc.a(_dvmd_tls.o)
__aeabi_uidiv                                     c:/program files (x86)/atollic/truestudio for stm32 9.3.0/armtools/bin/../lib/gcc/arm-atollic-eabi/6.3.1/armv6-m\libgcc.a(_udivsi3.o)
                                                  src\system_stm32f0xx.o
                                                  src\main.o
__aeabi_uidivmod                                  c:/program files (x86)/atollic/truestudio for stm32 9.3.0/armtools/bin/../lib/gcc/arm-atollic-eabi/6.3.1/armv6-m\libgcc.a(_udivsi3.o)
__deregister_frame_info                           c:/program files (x86)/atollic/truestudio for stm32 9.3.0/armtools/bin/../lib/gcc/arm-atollic-eabi/6.3.1/armv6-m/crtbegin.o
__dso_handle                                      c:/program files (x86)/atollic/truestudio for stm32 9.3.0/armtools/bin/../lib/gcc/arm-atollic-eabi/6.3.1/armv6-m/crtbegin.o
__init_array_end                                  c:/program files (x86)/atollic/truestudio for stm32 9.3.0/armtools/bin/../lib/gcc/arm-atollic-eabi/6.3.1/../../../../arm-atollic-eabi/lib/armv6-m\libc_nano.a(lib_a-init.o)
__init_array_start                                c:/program files (x86)/atollic/truestudio for stm32 9.3.0/armtools/bin/../lib/gcc/arm-atollic-eabi/6.3.1/../../../../arm-atollic-eabi/lib/armv6-m\libc_nano.a(lib_a-init.o)
__libc_init_array                                 c:/program files (x86)/atollic/truestudio for stm32 9.3.0/armtools/bin/../lib/gcc/arm-atollic-eabi/6.3.1/../../../../arm-atollic-eabi/lib/armv6-m\libc_nano.a(lib_a-init.o)
                                                  src\startup_stm32f071xb.o
__preinit_array_end                               c:/program files (x86)/atollic/truestudio for stm32 9.3.0/armtools/bin/../lib/gcc/arm-atollic-eabi/6.3.1/../../../../arm-atollic-eabi/lib/armv6-m\libc_nano.a(lib_a-init.o)
__preinit_array_start                             c:/program files (x86)/atollic/truestudio for stm32 9.3.0/armtools/bin/../lib/gcc/arm-atollic-eabi/6.3.1/../../../../arm-atollic-eabi/lib/armv6-m\libc_nano.a(lib_a-init.o)
__register_frame_info                             c:/program files (x86)/atollic/truestudio for stm32 9.3.0/armtools/bin/../lib/gcc/arm-atollic-eabi/6.3.1/armv6-m/crtbegin.o
__udivsi3                                         c:/program files (x86)/atollic/truestudio for stm32 9.3.0/armtools/bin/../lib/gcc/arm-atollic-eabi/6.3.1/armv6-m\libgcc.a(_udivsi3.o)
_ebss                                             src\startup_stm32f071xb.o
_edata                                            src\startup_stm32f071xb.o
_estack                                           src\startup_stm32f071xb.o
_fini                                             c:/program files (x86)/atollic/truestudio for stm32 9.3.0/armtools/bin/../lib/gcc/arm-atollic-eabi/6.3.1/armv6-m/crti.o
_init                                             c:/program files (x86)/atollic/truestudio for stm32 9.3.0/armtools/bin/../lib/gcc/arm-atollic-eabi/6.3.1/armv6-m/crti.o
                                                  c:/program files (x86)/atollic/truestudio for stm32 9.3.0/armtools/bin/../lib/gcc/arm-atollic-eabi/6.3.1/../../../../arm-atollic-eabi/lib/armv6-m\libc_nano.a(lib_a-init.o)
_sbss                                             src\startup_stm32f071xb.o
_sdata                                            src\startup_stm32f071xb.o
_sidata                                           src\startup_stm32f071xb.o
botaoApertado                                     src\main.o
configADC                                         src\main.o
g_pfnVectors                                      src\startup_stm32f071xb.o
lerTensao                                         src\main.o
main                                              src\main.o
                                                  src\startup_stm32f071xb.o
